{
    "nights": 3,
    "price": {
        "discountedPackagePrice": {
            "amount": 51,
            "currency": "EUR"
        },
        "packagePrice": {
            "amount": 51,
            "currency": "EUR"
        },
        "totalPackagePrice": {
            "amount": 191.14,
            "currency": "EUR"
        },
        "downPayment": {
            "amount": 51,
            "currency": "EUR"
        },
        "openAmount": {
            "amount": 51,
            "currency": "EUR"
        },
        "externallyPaidCharges": {
            "totalPrice": {
                "amount": 140.14,
                "currency": "EUR"
            },
            "externallyPaidCharges": [
                {
                    "name": "Cleaning Fee",
                    "productName": "Residenza Antica",
                    "value": {
                        "amount": 6000,
                        "currency": "RUB"
                    }
                },
                {
                    "name": "Luxury Tax",
                    "productName": "Residenza Antica",
                    "value": {
                        "amount": 5000,
                        "currency": "RUB"
                    }
                },
                {
                    "name": "Resort Fee",
                    "productName": "Residenza Antica",
                    "value": {
                        "amount": 120,
                        "currency": "RUB"
                    }
                },
                {
                    "name": "Service Fee",
                    "productName": "Residenza Antica",
                    "value": {
                        "amount": 936,
                        "currency": "RUB"
                    }
                },
                {
                    "name": "Vat",
                    "productName": "Residenza Antica",
                    "value": {
                        "amount": 468,
                        "currency": "RUB"
                    }
                }
            ]
        },
        "promoCode": null
    },
    "title": "Individual trip from Rome to Rome",
    "startDate": "2025-12-18T11:20:19+00:00",
    "endDate": "2025-12-21T11:20:19+00:00",
    "adults": 2,
    "children": 0,
    "childrenAges": [],
    "stays": [
        {
            "checkOut": "2025-12-21T11:20:19+00:00",
            "id": "68ad5b3c590000525ed60ed9",
            "name": "Roma",
            "checkIn": "2025-12-18T11:20:19+00:00",
            "nights": 3,
            "availability": null
        }
    ],
    "flights": [],
    "transfers": [],
    "activities": [],
    "rentalCars": [
        {
            "id": "68ad5b0d590000525ed5cb46",
            "name": "Rental Car",
            "startDateTime": "2025-12-18T12:00:00+01:00",
            "endDateTime": "2025-12-21T06:39:56+01:00",
            "isPlaceholder": true,
            "availability": null
        }
    ],
    "upsellItems": [],
    "termsAndConditions": {
        "sections": []
    },
    "insurances": [],
    "destinationCountries": [
        "IT"
    ]
}